// Jest Snapshot v1, https://goo.gl/fbAQLP

exports[`Pruebas del componente <LoginScreen /> debe de mostrarse correctamente 1`] = `
Array [
  <h3
    className="auth__title mb-5"
  >
    LoginScreen
  </h3>,
  <form
    className="animate__animated animate__fadeIn animate__faster"
    onSubmit={[Function]}
  >
    <input
      autoComplete="off"
      className="auth__input"
      name="email"
      onChange={[Function]}
      placeholder="email"
      type="email"
      value=""
    />
    <input
      className="auth__input"
      name="password"
      onChange={[Function]}
      placeholder="password"
      type="password"
      value=""
    />
    <button
      className="btn btn-primary btn-block"
      disabled={false}
      type="submit"
    >
      Login
    </button>
  </form>,
  <hr />,
  <div
    className="auth__social-networks"
  >
    <p>
      Login with social networks
    </p>
    <div
      className="google-btn"
      onClick={[Function]}
    >
      <div
        className="google-icon-wrapper"
      >
        <img
          alt="google button"
          className="google-icon"
          src="https://upload.wikimedia.org/wikipedia/commons/5/53/Google_%22G%22_Logo.svg"
        />
      </div>
      <p
        className="btn-text"
      >
        <b>
          Sign in with google
        </b>
      </p>
    </div>
    <a
      className="mt-5 link"
      href="/auth/register"
      onClick={[Function]}
    >
      Create a new Account
    </a>
  </div>,
]
`;
